source_Dir="$HOME/GIT-REPO/Python/lnPyLib"
dest_Dir="Source/lnLib"



    #- logger
    Logger/ColoredLogger_V103.py          ColoredLogger.py ### rename it

    #- subprocess
    # System/checkingRunningProcess.py
    # System/subprocessLN.py

    #- utils
    Utils/LnUtils.py
    Utils/dictUtils.py
    Utils/devicesDB_sqLite.py

    # files
    files/FileLoader.py
    files/File_csv.py
    files/File_json.py
    files/File_ini.py
    files/File_yaml.py

    # SQLite/SQLite_Class.py
    SQLite/SQLiteDB_Class.py
    SQLite/SQLiteTable_Class.py



    ### - Time
    Time/LnTime.py
    Time/LnTimer.py
    Time/LnSunTime.py

    ### - Telegram
    # telegram/sendTelegramMsg_Class_V2023b.py  TelegramSendMessage_Class.py
    telegram/sendTelegramMsg_V202309.py       TelegramSendMessage.py

    ### - Tasmota
    "tasmota/Tasmota_Human_Converter.py"
    "tasmota/Tasmota_Class.py"

    "MQTT/MqttTxRx_Class.py"                          ### - Mqtt






set_var@PRJ_ENV='devel/D202405'
dest_Dir="links_conf"
    ${HOME}/lnProfile/config/sysVars/system_variables.yaml                        system_variables.lnk.yaml
    ${HOME}/lnProfile/config/devicesDB/${PRJ_ENV}/conf/devices_DBTables.yaml     devices_DBase.lnk.yaml
