source_Dir="$HOME/GIT-REPO/Python/lnPyLib"
dest_Dir="Source/lnLib"








    ### - Utils
    "Utils/LnUtils.py"
    # "Utils/devicesDB.py"
    "Utils/devicesDB_New_20230902.py"         devicesDB.py


    ### - Telegram
    # telegram/sendTelegramMsg_Class_V2023b.py  TelegramSendMessage_Class.py
    telegram/sendTelegramMsg_V202309.py       TelegramSendMessage.py

    ### - Tasmota
    "tasmota/Tasmota_Human_Converter.py"
    "tasmota/Tasmota_Class.py"

    "MQTT/MqttTxRx_Class.py"                          ### - Mqtt

    ### - Logger
    "Logger/ColoredLogger_V103.py"          ColoredLogger.py ### rename it

    ### - Dictionary
    files/FileLoader.py                FileLoader.py


    ### - Time
    Time/LnTime.py
    Time/LnTimer.py
    Time/LnSunTime.py



dest_Dir="conf"

    "$HOME/.ln/envars/yaml/ln_system_variables.yaml"          "ln_system_variables.lnk.yaml"


    "${HOME}/.ln/config/devicesDB/source_2023/telegramBots.yaml"        "telegramBots.lnk.yaml"
    "${HOME}/.ln/config/devicesDB/source_2023/Mqtt_Brokers.yaml"        "Mqtt_Brokers.lnk.yaml"
    "${HOME}/.ln/config/devicesDB/source_2023/telegramBots.yaml"        "telegramBots.lnk.yaml"

    "${HOME}/.ln/config/devicesDB/source_2023/telegramApplGroups.yaml"  "telegramApplGroups.lnk.yaml"
    "${HOME}/.ln/config/devicesDB/source_2023/telegramChannels.yaml"    "telegramChannels.lnk.yaml"

    "${HOME}/.ln/config/devicesDB/source_2023/Computers.yaml"           "Computers.lnk.yaml"
    "${HOME}/.ln/config/devicesDB/source_2023/Cellulari.yaml"           "Cellulari.lnk.yaml"
    "${HOME}/.ln/config/devicesDB/source_2023/Printers.yaml"            "Printers.lnk.yaml"
    "${HOME}/.ln/config/devicesDB/source_2023/Routers.yaml"             "Routers.lnk.yaml"
    "${HOME}/.ln/config/devicesDB/source_2023/Tasmota.yaml"             "Tasmota.lnk.yaml"
    "${HOME}/.ln/config/devicesDB/source_2023/Shelly.yaml"              "Shelly.lnk.yaml"
    "${HOME}/.ln/config/devicesDB/source_2023/Telecamere.yaml"          "Telecamere.lnk.yaml"
    "${HOME}/.ln/config/devicesDB/source_2023/TV.yaml"                  "TV.lnk.yaml"
    "${HOME}/.ln/config/devicesDB/source_2023/Unused.yaml"               "Unused.lnk.yaml"
